\BOOKMARK [2][-]{subsection.0.1}{\376\377\000G\000o\000a\000l\000\040\000o\000f\000\040\000t\000h\000e\000\040\000W\000e\000e\000k}{}% 1
\BOOKMARK [2][-]{subsection.0.2}{\376\377\000E\000n\000v\000i\000r\000o\000n\000m\000e\000n\000t}{}% 2
\BOOKMARK [2][-]{subsection.0.3}{\376\377\000I\000m\000p\000l\000e\000m\000e\000n\000t\000e\000d\000\040\000M\000e\000t\000h\000o\000d\000s}{}% 3
\BOOKMARK [3][-]{subsubsection.0.3.1}{\376\377\000R\000a\000n\000d\000o\000m\000\040\000C\000o\000n\000t\000r\000o\000l\000l\000e\000r}{subsection.0.3}% 4
\BOOKMARK [3][-]{subsubsection.0.3.2}{\376\377\000M\000a\000n\000u\000a\000l\000\040\000C\000o\000n\000t\000r\000o\000l\000l\000e\000r}{subsection.0.3}% 5
\BOOKMARK [3][-]{subsubsection.0.3.3}{\376\377\000P\000P\000O\000\040\000B\000a\000s\000e\000l\000i\000n\000e}{subsection.0.3}% 6
\BOOKMARK [2][-]{subsection.0.4}{\376\377\000E\000v\000a\000l\000u\000a\000t\000i\000o\000n\000\040\000S\000e\000t\000u\000p}{}% 7
\BOOKMARK [2][-]{subsection.0.5}{\376\377\000R\000e\000s\000u\000l\000t\000s}{}% 8
\BOOKMARK [2][-]{subsection.0.6}{\376\377\000C\000o\000m\000p\000a\000r\000i\000s\000o\000n\000\040\000w\000i\000t\000h\000\040\000R\000e\000p\000o\000r\000t\000e\000d\000\040\000P\000P\000O\000\040\000R\000e\000s\000u\000l\000t\000s}{}% 9
\BOOKMARK [2][-]{subsection.0.7}{\376\377\000D\000i\000s\000c\000u\000s\000s\000i\000o\000n}{}% 10
\BOOKMARK [2][-]{subsection.0.8}{\376\377\000C\000o\000n\000c\000l\000u\000s\000i\000o\000n}{}% 11
\BOOKMARK [2][-]{subsection.0.9}{\376\377\000G\000o\000a\000l\000\040\000o\000f\000\040\000t\000h\000e\000\040\000W\000e\000e\000k}{}% 12
\BOOKMARK [2][-]{subsection.0.10}{\376\377\000I\000m\000p\000l\000e\000m\000e\000n\000t\000e\000d\000\040\000R\000e\000i\000n\000f\000o\000r\000c\000e\000m\000e\000n\000t\000\040\000L\000e\000a\000r\000n\000i\000n\000g\000\040\000B\000a\000s\000e\000l\000i\000n\000e\000s}{}% 13
\BOOKMARK [3][-]{subsubsection.0.10.1}{\376\377\000S\000o\000f\000t\000\040\000A\000c\000t\000o\000r\000-\000C\000r\000i\000t\000i\000c}{subsection.0.10}% 14
\BOOKMARK [3][-]{subsubsection.0.10.2}{\376\377\000D\000e\000e\000p\000\040\000D\000e\000t\000e\000r\000m\000i\000n\000i\000s\000t\000i\000c\000\040\000P\000o\000l\000i\000c\000y\000\040\000G\000r\000a\000d\000i\000e\000n\000t}{subsection.0.10}% 15
\BOOKMARK [3][-]{subsubsection.0.10.3}{\376\377\000S\000i\000m\000i\000l\000a\000r\000i\000t\000i\000e\000s\000\040\000a\000n\000d\000\040\000D\000i\000f\000f\000e\000r\000e\000n\000c\000e\000s}{subsection.0.10}% 16
\BOOKMARK [2][-]{subsection.0.11}{\376\377\000E\000x\000p\000e\000r\000i\000m\000e\000n\000t\000a\000l\000\040\000S\000e\000t\000u\000p}{}% 17
\BOOKMARK [2][-]{subsection.0.12}{\376\377\000R\000e\000w\000a\000r\000d\000\040\000T\000h\000r\000e\000s\000h\000o\000l\000d\000s}{}% 18
\BOOKMARK [2][-]{subsection.0.13}{\376\377\000R\000e\000s\000u\000l\000t\000s}{}% 19
\BOOKMARK [2][-]{subsection.0.14}{\376\377\000D\000i\000s\000c\000u\000s\000s\000i\000o\000n}{}% 20
\BOOKMARK [2][-]{subsection.0.15}{\376\377\000C\000o\000n\000c\000l\000u\000s\000i\000o\000n}{}% 21
\BOOKMARK [2][-]{subsection.0.16}{\376\377\000G\000o\000a\000l\000\040\000o\000f\000\040\000t\000h\000e\000\040\000W\000e\000e\000k}{}% 22
\BOOKMARK [2][-]{subsection.0.17}{\376\377\000R\000e\000l\000a\000t\000i\000o\000n\000\040\000t\000o\000\040\000t\000h\000e\000\040\000C\000a\000r\000v\000a\000l\000h\000o\000\040\000a\000n\000d\000\040\000N\000o\000l\000f\000i\000\040\000M\000e\000t\000h\000o\000d}{}% 23
\BOOKMARK [2][-]{subsection.0.18}{\376\377\000I\000m\000p\000l\000e\000m\000e\000n\000t\000a\000t\000i\000o\000n}{}% 24
\BOOKMARK [2][-]{subsection.0.19}{\376\377\000G\000e\000n\000e\000r\000a\000t\000e\000d\000\040\000P\000o\000l\000i\000c\000y\000\040\000E\000x\000a\000m\000p\000l\000e}{}% 25
\BOOKMARK [2][-]{subsection.0.20}{\376\377\000E\000x\000p\000e\000r\000i\000m\000e\000n\000t\000a\000l\000\040\000S\000e\000t\000u\000p}{}% 26
\BOOKMARK [2][-]{subsection.0.21}{\376\377\000R\000e\000s\000u\000l\000t\000s}{}% 27
\BOOKMARK [2][-]{subsection.0.22}{\376\377\000D\000i\000s\000c\000u\000s\000s\000i\000o\000n}{}% 28
\BOOKMARK [2][-]{subsection.0.23}{\376\377\000C\000o\000n\000c\000l\000u\000s\000i\000o\000n}{}% 29
